// Vitest Snapshot v1

exports[`Button > 正しく表示されること 1`] = `
<DocumentFragment>
  <button
    class="rounded bg-blue-500 py-2 px-4 font-bold text-white transition-colors hover:bg-blue-400"
    type="button"
  >
    click me
  </button>
</DocumentFragment>
`;
