// Vitest Snapshot v1

exports[`ButtonLink > 正しく表示されること 1`] = `
<DocumentFragment>
  <a
    class="rounded bg-blue-500 py-2 px-4 font-bold text-white transition-colors hover:bg-blue-400"
    href="/"
  >
    to Top
  </a>
</DocumentFragment>
`;
